  Determining projects to restore...
  All projects are up-to-date for restore.
  PassManAPI -> C:\Users\alex\Documents\GitHub\DataProcessing-PassMan\PassManAPI\bin\Debug\net10.0\PassManAPI.dll
  PassManAPI.Tests -> C:\Users\alex\Documents\GitHub\DataProcessing-PassMan\PassManAPI.Tests\bin\Debug\net10.0\PassManAPI.Tests.dll
Test run for C:\Users\alex\Documents\GitHub\DataProcessing-PassMan\PassManAPI.Tests\bin\Debug\net10.0\PassManAPI.Tests.dll (.NETCoreApp,Version=v10.0)
VSTest version 18.0.1 (x64)

Starting test execution, please wait...
A total of 1 test files matched the specified pattern.
  Failed PassManAPI.Tests.TagsEndpointsTests.Owner_Can_Create_List_Update_And_Delete_Tags [276 ms]
  Error Message:
   Expected listResponse.StatusCode to be HttpStatusCode.OK {value: 200}, but found HttpStatusCode.Forbidden {value: 403}.
  Stack Trace:
     at FluentAssertions.Execution.XUnit2TestFramework.Throw(String message)
   at FluentAssertions.Execution.TestFrameworkProvider.Throw(String message)
   at FluentAssertions.Execution.DefaultAssertionStrategy.HandleFailure(String message)
   at FluentAssertions.Execution.AssertionScope.FailWith(Func`1 failReasonFunc)
   at FluentAssertions.Execution.AssertionScope.FailWith(Func`1 failReasonFunc)
   at FluentAssertions.Execution.AssertionScope.FailWith(String message, Object[] args)
   at FluentAssertions.Primitives.EnumAssertions`2.Be(TEnum expected, String because, Object[] becauseArgs)
   at PassManAPI.Tests.TagsEndpointsTests.Owner_Can_Create_List_Update_And_Delete_Tags() in C:\Users\alex\Documents\GitHub\DataProcessing-PassMan\PassManAPI.Tests\TagsEndpointsTests.cs:line 43
--- End of stack trace from previous location ---

Failed!  - Failed:     1, Passed:     2, Skipped:     0, Total:     3, Duration: 3 s - PassManAPI.Tests.dll (net10.0)
